Component: ARM Compiler 6.14 Tool: armlink [5db06800]

==============================================================================

Section Cross References

    startup_armcm4.o(RESET) refers to startup_armcm4.o(STACK) for __initial_sp
    startup_armcm4.o(RESET) refers to startup_armcm4.o(.text) for Reset_Handler
    startup_armcm4.o(.text) refers to system_armcm4.o(.text.SystemInit) for SystemInit
    startup_armcm4.o(.text) refers to main.o(myCode) for __main
    system_armcm4.o(.text.SystemCoreClockUpdate) refers to system_armcm4.o(.data.SystemCoreClock) for SystemCoreClock
    system_armcm4.o(.ARM.exidx.text.SystemCoreClockUpdate) refers to system_armcm4.o(.text.SystemCoreClockUpdate) for [Anonymous Symbol]
    system_armcm4.o(.text.SystemInit) refers to startup_armcm4.o(RESET) for __Vectors
    system_armcm4.o(.text.SystemInit) refers to system_armcm4.o(.data.SystemCoreClock) for SystemCoreClock
    system_armcm4.o(.ARM.exidx.text.SystemInit) refers to system_armcm4.o(.text.SystemInit) for [Anonymous Symbol]


==============================================================================

Removing Unused input sections from the image.

    Removing startup_armcm4.o(HEAP), (3072 bytes).
    Removing system_armcm4.o(.text), (0 bytes).
    Removing system_armcm4.o(.text.SystemCoreClockUpdate), (20 bytes).
    Removing system_armcm4.o(.ARM.exidx.text.SystemCoreClockUpdate), (8 bytes).
    Removing system_armcm4.o(.ARM.exidx.text.SystemInit), (8 bytes).

5 unused section(s) (total 3108 bytes) removed from the image.

==============================================================================

Image Symbol Table

    Local Symbols

    Symbol Name                              Value     Ov Type        Size  Object(Section)

    RTE/Device/ARMCM4/startup_ARMCM4.s       0x00000000   Number         0  startup_armcm4.o ABSOLUTE
    main.s                                   0x00000000   Number         0  main.o ABSOLUTE
    system_ARMCM4.c                          0x00000000   Number         0  system_armcm4.o ABSOLUTE
    RESET                                    0x00000000   Section      960  startup_armcm4.o(RESET)
    .text                                    0x000003c0   Section       56  startup_armcm4.o(.text)
    [Anonymous Symbol]                       0x000003f8   Section        0  system_armcm4.o(.text.SystemInit)
    myCode                                   0x00000420   Section       68  main.o(myCode)
    STACK                                    0x20000008   Section     1024  startup_armcm4.o(STACK)

    Global Symbols

    Symbol Name                              Value     Ov Type        Size  Object(Section)

    BuildAttributes$$THM_ISAv4$E$P$D$K$B$S$7EM$PE$A:L22UL41UL21$X:L11$S22US41US21$IEEE1$IW$~IW$USESV6$~STKCKD$USESV7$~SHL$OTIME$EBA8$MICROLIB$REQ8$PRES8$EABIv2 0x00000000   Number         0  anon$$obj.o ABSOLUTE
    __Vectors                                0x00000000   Data           4  startup_armcm4.o(RESET)
    Reset_Handler                            0x000003c1   Thumb Code     8  startup_armcm4.o(.text)
    __Vectors_End                            0x000003c0   Data           0  startup_armcm4.o(RESET)
    __Vectors_Size                           0x000003c0   Number         0  startup_armcm4.o ABSOLUTE
    HardFault_Handler                        0x000003c9   Thumb Code     2  startup_armcm4.o(.text)
    NMI_Handler                              0x000003cb   Thumb Code     2  startup_armcm4.o(.text)
    MemManage_Handler                        0x000003cd   Thumb Code     2  startup_armcm4.o(.text)
    BusFault_Handler                         0x000003cf   Thumb Code     2  startup_armcm4.o(.text)
    UsageFault_Handler                       0x000003d1   Thumb Code     2  startup_armcm4.o(.text)
    SVC_Handler                              0x000003d3   Thumb Code     2  startup_armcm4.o(.text)
    DebugMon_Handler                         0x000003d5   Thumb Code     2  startup_armcm4.o(.text)
    PendSV_Handler                           0x000003d7   Thumb Code     2  startup_armcm4.o(.text)
    SysTick_Handler                          0x000003d9   Thumb Code     2  startup_armcm4.o(.text)
    Interrupt0_Handler                       0x000003db   Thumb Code     2  startup_armcm4.o(.text)
    Interrupt1_Handler                       0x000003dd   Thumb Code     2  startup_armcm4.o(.text)
    Interrupt2_Handler                       0x000003df   Thumb Code     2  startup_armcm4.o(.text)
    Interrupt3_Handler                       0x000003e1   Thumb Code     2  startup_armcm4.o(.text)
    Interrupt4_Handler                       0x000003e3   Thumb Code     2  startup_armcm4.o(.text)
    Interrupt5_Handler                       0x000003e5   Thumb Code     2  startup_armcm4.o(.text)
    Interrupt6_Handler                       0x000003e7   Thumb Code     2  startup_armcm4.o(.text)
    Interrupt7_Handler                       0x000003e9   Thumb Code     2  startup_armcm4.o(.text)
    Interrupt8_Handler                       0x000003eb   Thumb Code     2  startup_armcm4.o(.text)
    Interrupt9_Handler                       0x000003ed   Thumb Code     2  startup_armcm4.o(.text)
    SystemInit                               0x000003f9   Thumb Code    38  system_armcm4.o(.text.SystemInit)
    __main                                   0x00000421   Thumb Code     0  main.o(myCode)
    SystemCoreClock                          0x20000000   Data           4  system_armcm4.o(.data.SystemCoreClock)
    __stack_limit                            0x20000008   Data           0  startup_armcm4.o(STACK)
    __initial_sp                             0x20000408   Data           0  startup_armcm4.o(STACK)



==============================================================================

Memory Map of the image

  Image Entry point : 0x000003c1

  Load Region LR_1 (Base: 0x00000000, Size: 0x00000468, Max: 0xffffffff, ABSOLUTE)

    Execution Region ER_RO (Exec base: 0x00000000, Load base: 0x00000000, Size: 0x00000464, Max: 0xffffffff, ABSOLUTE)

    Exec Addr    Load Addr    Size         Type   Attr      Idx    E Section Name        Object

    0x00000000   0x00000000   0x000003c0   Data   RO            8    RESET               startup_armcm4.o
    0x000003c0   0x000003c0   0x00000038   Code   RO            9  * .text               startup_armcm4.o
    0x000003f8   0x000003f8   0x00000026   Code   RO           16    .text.SystemInit    system_armcm4.o
    0x0000041e   0x0000041e   0x00000002   PAD
    0x00000420   0x00000420   0x00000044   Code   RO            1  * myCode              main.o


    Execution Region ER_RW (Exec base: 0x20000000, Load base: 0x00000464, Size: 0x00000004, Max: 0xffffffff, ABSOLUTE)

    Exec Addr    Load Addr    Size         Type   Attr      Idx    E Section Name        Object

    0x20000000   0x00000464   0x00000004   Data   RW           18    .data.SystemCoreClock  system_armcm4.o


    Execution Region ER_ZI (Exec base: 0x20000008, Load base: 0x00000468, Size: 0x00000400, Max: 0xffffffff, ABSOLUTE)

    Exec Addr    Load Addr    Size         Type   Attr      Idx    E Section Name        Object

    0x20000008        -       0x00000400   Zero   RW            6    STACK               startup_armcm4.o


==============================================================================

Image component sizes


      Code (inc. data)   RO Data    RW Data    ZI Data      Debug   Object Name

        68          8          0          0          0        260   main.o
        56         10        960          0       1024       1172   startup_armcm4.o
        38          0          0          4          0       1397   system_armcm4.o

    ----------------------------------------------------------------------
       164         18        960          4       1024       2829   Object Totals
         0          0          0          0          0          0   (incl. Generated)
         2          0          0          0          0          0   (incl. Padding)

    ----------------------------------------------------------------------
         0          0          0          0          0          0   Library Totals
         0          0          0          0          0          0   (incl. Padding)

    ----------------------------------------------------------------------

==============================================================================


      Code (inc. data)   RO Data    RW Data    ZI Data      Debug   

       164         18        960          4       1024       2829   Grand Totals
       164         18        960          4       1024       2829   ELF Image Totals
       164         18        960          4          0          0   ROM Totals

==============================================================================

    Total RO  Size (Code + RO Data)                 1124 (   1.10kB)
    Total RW  Size (RW Data + ZI Data)              1028 (   1.00kB)
    Total ROM Size (Code + RO Data + RW Data)       1128 (   1.10kB)

==============================================================================

